Failed to find one or more modules for intheblues/mustangv2john-lee-hooker.fuse
Converter not found for Reverb 33

Failed to find one or more modules for intheblues/mustangv2les-paul.fuse
Converter not found for Modulation 45
Converter not found for Delay 43
Converter not found for Reverb 11

Failed to find one or more modules for intheblues/mustangv2calitone.fuse
Converter not found for Stompbox 273
Converter not found for Modulation 25
Converter not found for Amplifier 121
Converter not found for Delay 21
Converter not found for Reverb 75

Failed to find one or more modules for intheblues/mustangv2fender-ec-twinolux-(custom).fuse
Converter not found for Stompbox 186
Converter not found for Modulation 64
Converter not found for Amplifier 246
Converter not found for Delay 42
Converter not found for Reverb 75

Failed to find one or more modules for intheblues/mustangv2stratocaster.fuse
Converter not found for Modulation 45
Converter not found for Delay 43
Converter not found for Reverb 11

Failed to find one or more modules for intheblues/mustangv2john-mayer-trio-vultures.fuse
Converter not found for Stompbox 186
Converter not found for Reverb 11

Failed to find one or more modules for intheblues/mustangv2fender-eric-clapton-twinolux-(20-watts).fuse
Converter not found for Modulation 64
Converter not found for Amplifier 246

Failed to find one or more modules for intheblues/mustangv2vox-ac30c2.fuse
Converter not found for Stompbox 186
Converter not found for Modulation 64
Converter not found for Amplifier 97
Converter not found for Delay 43
Converter not found for Reverb 11

Failed to find one or more modules for intheblues/mustangv2335.fuse
Converter not found for Modulation 45
Converter not found for Delay 43
Converter not found for Reverb 11

Failed to find one or more modules for intheblues/mustangv2eric-clapton-tremolux.fuse
Converter not found for Modulation 45
Converter not found for Amplifier 124
Converter not found for Delay 43
Converter not found for Reverb 11

Failed to find one or more modules for intheblues/26_Jonny Lang 1997.fuse
Converter not found for Stompbox 186
Converter not found for Modulation 45
Converter not found for Delay 43
Converter not found for Reverb 11

Failed to find one or more modules for intheblues/36_Delayed Princeton.fuse
Converter not found for Stompbox 7
Converter not found for Modulation 45
Converter not found for Amplifier 106
Converter not found for Delay 43
Converter not found for Reverb 11

Failed to find one or more modules for intheblues/mustangv2gary-moore.fuse
Converter not found for Amplifier 121
Converter not found for Reverb 77

Failed to find one or more modules for intheblues/mustangv2sean-costello.fuse
Converter not found for Amplifier 103
Converter not found for Reverb 11

Failed to find one or more modules for intheblues/mustangv2srv-little-wing.fuse
Converter not found for Reverb 11

Failed to find one or more modules for intheblues/mustangv2telecaster.fuse
Converter not found for Modulation 45
Converter not found for Delay 43
Converter not found for Reverb 11

Failed to find one or more modules for intheblues/mustangv2fender-65-super-reverb-amplifier.fuse
Converter not found for Stompbox 186
Converter not found for Modulation 64
Converter not found for Delay 43
Converter not found for Reverb 11

Failed to find one or more modules for intheblues/mustangv2keith-richards.fuse
Converter not found for Amplifier 124
Converter not found for Reverb 77

Failed to find one or more modules for intheblues/mustangv2fender-delayed-65-princeton.fuse
Converter not found for Stompbox 7
Converter not found for Modulation 45
Converter not found for Amplifier 106
Converter not found for Delay 43
Converter not found for Reverb 11

Failed to find one or more modules for intheblues/mustangv2live-gravity.fuse
Converter not found for Modulation 64
Converter not found for Amplifier 255
Converter not found for Delay 43
Converter not found for Reverb 11

Failed to find one or more modules for intheblues/mustangv2fender-super-sonic-22-(burn).fuse
Converter not found for Delay 43
Converter not found for Reverb 11

Failed to find one or more modules for intheblues/mustangv2joe-bonamassa.fuse
Converter not found for Delay 43

Failed to find one or more modules for intheblues/mustangv2chris-cain.fuse
Converter not found for Amplifier 106

Failed to find one or more modules for intheblues/mustangv2fender-super-sonic-60.fuse
Converter not found for Modulation 45
Converter not found for Delay 43
Converter not found for Reverb 11

Failed to find one or more modules for intheblues/mustangv2two-rock-studio-pro-22.fuse
Converter not found for Stompbox 7
Converter not found for Amplifier 255
Converter not found for Delay 43
Converter not found for Reverb 11

Failed to find one or more modules for intheblues/mustangv2jonny-lang-1997.fuse
Converter not found for Stompbox 186
Converter not found for Modulation 45
Converter not found for Delay 43
Converter not found for Reverb 11

Failed to find one or more modules for intheblues/mustangv2eric-clapton-es-335-hyde-park.fuse
Converter not found for Modulation 45
Converter not found for Amplifier 124
Converter not found for Delay 43
Converter not found for Reverb 11

Failed to find one or more modules for intheblues/mustangv2stevie-in-session.fuse
Converter not found for Stompbox 186
Converter not found for Amplifier 121
Converter not found for Reverb 11

Failed to find one or more modules for intheblues/mustangv2fade-to-knopfler.fuse
Converter not found for Stompbox 7
Converter not found for Reverb 75

Failed to find one or more modules for intheblues/mustangv2hendrix-tones.fuse
Converter not found for Modulation 18
Converter not found for Amplifier 121
Converter not found for Delay 42

Failed to find one or more modules for intheblues/21_E.C Tremolux.fuse
Converter not found for Modulation 45
Converter not found for Amplifier 124
Converter not found for Delay 43
Converter not found for Reverb 11

Failed to find one or more modules for intheblues/mustangv2popa-chubby-beatdown.fuse
Converter not found for Stompbox 186
Converter not found for Amplifier 103
Converter not found for Reverb 38

Failed to find one or more modules for intheblues/mustangv2fender-57-bandmaster-(custom).fuse
Converter not found for Modulation 45
Converter not found for Amplifier 246
Converter not found for Delay 43
Converter not found for Reverb 11

Failed to find one or more modules for intheblues/17_J.Mayer Trio - Vult.fuse
Converter not found for Stompbox 186
Converter not found for Reverb 11

Failed to find one or more modules for intheblues/mustangv2fender-blues-deluxe-(drive).fuse
Converter not found for Modulation 64
Converter not found for Amplifier 100
Converter not found for Reverb 33

Failed to find one or more modules for intheblues/mustangv2brad-paisley.fuse
Converter not found for Stompbox 7
Converter not found for Modulation 245
Converter not found for Amplifier 97
Converter not found for Delay 42

Failed to find one or more modules for intheblues/mustangv2bb-king.fuse
Converter not found for Stompbox 7
Converter not found for Amplifier 100
Converter not found for Reverb 33

Failed to find one or more modules for intheblues/mustangv2buddy-guy-blues.fuse
Converter not found for Amplifier 246
Converter not found for Reverb 59

Failed to find one or more modules for intheblues/20_Eric Clapton 20W Tw.fuse
Converter not found for Modulation 64
Converter not found for Amplifier 246

Failed to find one or more modules for intheblues/mustangv2fender-custom-68-deluxe-reverb.fuse
Converter not found for Modulation 64
Converter not found for Delay 43
Converter not found for Reverb 11

Failed to find one or more modules for intheblues/mustangv2acdc.fuse
Converter not found for Amplifier 121
Converter not found for Reverb 77

